// Jest Snapshot v1, https://goo.gl/fbAQLP

exports[`SignUp should renders correctly 1`] = `
ShallowWrapper {
  "length": 1,
  Symbol(enzyme.__root__): [Circular],
  Symbol(enzyme.__unrendered__): <Login
    authError={
        Object {
            "isError": false,
            "value": "",
          }
    }
    history={
        Object {
            "push": [Function],
          }
    }
    signUp={[Function]}
    signUpFail={[Function]}
/>,
  Symbol(enzyme.__renderer__): Object {
    "batchedUpdates": [Function],
    "getNode": [Function],
    "render": [Function],
    "simulateEvent": [Function],
    "unmount": [Function],
  },
  Symbol(enzyme.__node__): Object {
    "instance": null,
    "key": undefined,
    "nodeType": "host",
    "props": Object {
      "children": Array [
        false,
        <div
          className="columns is-mobile"
>
          <div
                    className="column is-half is-offset-one-quarter"
          >
                    <form
                              onSubmit={[Function]}
                    >
                              <div
                                        className="field"
                              >
                                        <label
                                                  className="label"
                                        >
                                                  Email
                                        </label>
                                        <div
                                                  className="control has-icons-left"
                                        >
                                                  <input
                                                            className="input"
                                                            onChange={[Function]}
                                                            placeholder="Email"
                                                            type="email"
                                                            value=""
                                                  />
                                                  <span
                                                            className="icon is-small is-left"
                                                  >
                                                            <FaEnvelope />
                                                  </span>
                                        </div>
                              </div>
                              <div
                                        className="field"
                              >
                                        <label
                                                  className="label"
                                        >
                                                  Password
                                        </label>
                                        <div
                                                  className="control"
                                        >
                                                  <input
                                                            className="input"
                                                            onChange={[Function]}
                                                            placeholder="Password"
                                                            type="password"
                                                            value=""
                                                  />
                                        </div>
                              </div>
                              <div
                                        className="field"
                              >
                                        <div
                                                  className="control"
                                        >
                                                  <input
                                                            className="button is-primary"
                                                            type="submit"
                                                            value="Login"
                                                  />
                                        </div>
                              </div>
                    </form>
          </div>
</div>,
      ],
      "className": "section",
    },
    "ref": null,
    "rendered": Array [
      false,
      Object {
        "instance": null,
        "key": undefined,
        "nodeType": "host",
        "props": Object {
          "children": <div
            className="column is-half is-offset-one-quarter"
>
            <form
                        onSubmit={[Function]}
            >
                        <div
                                    className="field"
                        >
                                    <label
                                                className="label"
                                    >
                                                Email
                                    </label>
                                    <div
                                                className="control has-icons-left"
                                    >
                                                <input
                                                            className="input"
                                                            onChange={[Function]}
                                                            placeholder="Email"
                                                            type="email"
                                                            value=""
                                                />
                                                <span
                                                            className="icon is-small is-left"
                                                >
                                                            <FaEnvelope />
                                                </span>
                                    </div>
                        </div>
                        <div
                                    className="field"
                        >
                                    <label
                                                className="label"
                                    >
                                                Password
                                    </label>
                                    <div
                                                className="control"
                                    >
                                                <input
                                                            className="input"
                                                            onChange={[Function]}
                                                            placeholder="Password"
                                                            type="password"
                                                            value=""
                                                />
                                    </div>
                        </div>
                        <div
                                    className="field"
                        >
                                    <div
                                                className="control"
                                    >
                                                <input
                                                            className="button is-primary"
                                                            type="submit"
                                                            value="Login"
                                                />
                                    </div>
                        </div>
            </form>
</div>,
          "className": "columns is-mobile",
        },
        "ref": null,
        "rendered": Object {
          "instance": null,
          "key": undefined,
          "nodeType": "host",
          "props": Object {
            "children": <form
              onSubmit={[Function]}
>
              <div
                            className="field"
              >
                            <label
                                          className="label"
                            >
                                          Email
                            </label>
                            <div
                                          className="control has-icons-left"
                            >
                                          <input
                                                        className="input"
                                                        onChange={[Function]}
                                                        placeholder="Email"
                                                        type="email"
                                                        value=""
                                          />
                                          <span
                                                        className="icon is-small is-left"
                                          >
                                                        <FaEnvelope />
                                          </span>
                            </div>
              </div>
              <div
                            className="field"
              >
                            <label
                                          className="label"
                            >
                                          Password
                            </label>
                            <div
                                          className="control"
                            >
                                          <input
                                                        className="input"
                                                        onChange={[Function]}
                                                        placeholder="Password"
                                                        type="password"
                                                        value=""
                                          />
                            </div>
              </div>
              <div
                            className="field"
              >
                            <div
                                          className="control"
                            >
                                          <input
                                                        className="button is-primary"
                                                        type="submit"
                                                        value="Login"
                                          />
                            </div>
              </div>
</form>,
            "className": "column is-half is-offset-one-quarter",
          },
          "ref": null,
          "rendered": Object {
            "instance": null,
            "key": undefined,
            "nodeType": "host",
            "props": Object {
              "children": Array [
                <div
                  className="field"
>
                  <label
                                    className="label"
                  >
                                    Email
                  </label>
                  <div
                                    className="control has-icons-left"
                  >
                                    <input
                                                      className="input"
                                                      onChange={[Function]}
                                                      placeholder="Email"
                                                      type="email"
                                                      value=""
                                    />
                                    <span
                                                      className="icon is-small is-left"
                                    >
                                                      <FaEnvelope />
                                    </span>
                  </div>
</div>,
                <div
                  className="field"
>
                  <label
                                    className="label"
                  >
                                    Password
                  </label>
                  <div
                                    className="control"
                  >
                                    <input
                                                      className="input"
                                                      onChange={[Function]}
                                                      placeholder="Password"
                                                      type="password"
                                                      value=""
                                    />
                  </div>
</div>,
                <div
                  className="field"
>
                  <div
                                    className="control"
                  >
                                    <input
                                                      className="button is-primary"
                                                      type="submit"
                                                      value="Login"
                                    />
                  </div>
</div>,
              ],
              "onSubmit": [Function],
            },
            "ref": null,
            "rendered": Array [
              Object {
                "instance": null,
                "key": undefined,
                "nodeType": "host",
                "props": Object {
                  "children": Array [
                    <label
                      className="label"
>
                      Email
</label>,
                    <div
                      className="control has-icons-left"
>
                      <input
                                            className="input"
                                            onChange={[Function]}
                                            placeholder="Email"
                                            type="email"
                                            value=""
                      />
                      <span
                                            className="icon is-small is-left"
                      >
                                            <FaEnvelope />
                      </span>
</div>,
                  ],
                  "className": "field",
                },
                "ref": null,
                "rendered": Array [
                  Object {
                    "instance": null,
                    "key": undefined,
                    "nodeType": "host",
                    "props": Object {
                      "children": "Email",
                      "className": "label",
                    },
                    "ref": null,
                    "rendered": "Email",
                    "type": "label",
                  },
                  Object {
                    "instance": null,
                    "key": undefined,
                    "nodeType": "host",
                    "props": Object {
                      "children": Array [
                        <input
                          className="input"
                          onChange={[Function]}
                          placeholder="Email"
                          type="email"
                          value=""
/>,
                        <span
                          className="icon is-small is-left"
>
                          <FaEnvelope />
</span>,
                        false,
                      ],
                      "className": "control has-icons-left",
                    },
                    "ref": null,
                    "rendered": Array [
                      Object {
                        "instance": null,
                        "key": undefined,
                        "nodeType": "host",
                        "props": Object {
                          "className": "input",
                          "onChange": [Function],
                          "placeholder": "Email",
                          "type": "email",
                          "value": "",
                        },
                        "ref": null,
                        "rendered": null,
                        "type": "input",
                      },
                      Object {
                        "instance": null,
                        "key": undefined,
                        "nodeType": "host",
                        "props": Object {
                          "children": <FaEnvelope />,
                          "className": "icon is-small is-left",
                        },
                        "ref": null,
                        "rendered": Object {
                          "instance": null,
                          "key": undefined,
                          "nodeType": "function",
                          "props": Object {},
                          "ref": null,
                          "rendered": null,
                          "type": [Function],
                        },
                        "type": "span",
                      },
                      false,
                    ],
                    "type": "div",
                  },
                ],
                "type": "div",
              },
              Object {
                "instance": null,
                "key": undefined,
                "nodeType": "host",
                "props": Object {
                  "children": Array [
                    <label
                      className="label"
>
                      Password
</label>,
                    <div
                      className="control"
>
                      <input
                                            className="input"
                                            onChange={[Function]}
                                            placeholder="Password"
                                            type="password"
                                            value=""
                      />
</div>,
                  ],
                  "className": "field",
                },
                "ref": null,
                "rendered": Array [
                  Object {
                    "instance": null,
                    "key": undefined,
                    "nodeType": "host",
                    "props": Object {
                      "children": "Password",
                      "className": "label",
                    },
                    "ref": null,
                    "rendered": "Password",
                    "type": "label",
                  },
                  Object {
                    "instance": null,
                    "key": undefined,
                    "nodeType": "host",
                    "props": Object {
                      "children": Array [
                        <input
                          className="input"
                          onChange={[Function]}
                          placeholder="Password"
                          type="password"
                          value=""
/>,
                        false,
                      ],
                      "className": "control",
                    },
                    "ref": null,
                    "rendered": Array [
                      Object {
                        "instance": null,
                        "key": undefined,
                        "nodeType": "host",
                        "props": Object {
                          "className": "input",
                          "onChange": [Function],
                          "placeholder": "Password",
                          "type": "password",
                          "value": "",
                        },
                        "ref": null,
                        "rendered": null,
                        "type": "input",
                      },
                      false,
                    ],
                    "type": "div",
                  },
                ],
                "type": "div",
              },
              Object {
                "instance": null,
                "key": undefined,
                "nodeType": "host",
                "props": Object {
                  "children": <div
                    className="control"
>
                    <input
                                        className="button is-primary"
                                        type="submit"
                                        value="Login"
                    />
</div>,
                  "className": "field",
                },
                "ref": null,
                "rendered": Object {
                  "instance": null,
                  "key": undefined,
                  "nodeType": "host",
                  "props": Object {
                    "children": <input
                      className="button is-primary"
                      type="submit"
                      value="Login"
/>,
                    "className": "control",
                  },
                  "ref": null,
                  "rendered": Object {
                    "instance": null,
                    "key": undefined,
                    "nodeType": "host",
                    "props": Object {
                      "className": "button is-primary",
                      "type": "submit",
                      "value": "Login",
                    },
                    "ref": null,
                    "rendered": null,
                    "type": "input",
                  },
                  "type": "div",
                },
                "type": "div",
              },
            ],
            "type": "form",
          },
          "type": "div",
        },
        "type": "div",
      },
    ],
    "type": "section",
  },
  Symbol(enzyme.__nodes__): Array [
    Object {
      "instance": null,
      "key": undefined,
      "nodeType": "host",
      "props": Object {
        "children": Array [
          false,
          <div
            className="columns is-mobile"
>
            <div
                        className="column is-half is-offset-one-quarter"
            >
                        <form
                                    onSubmit={[Function]}
                        >
                                    <div
                                                className="field"
                                    >
                                                <label
                                                            className="label"
                                                >
                                                            Email
                                                </label>
                                                <div
                                                            className="control has-icons-left"
                                                >
                                                            <input
                                                                        className="input"
                                                                        onChange={[Function]}
                                                                        placeholder="Email"
                                                                        type="email"
                                                                        value=""
                                                            />
                                                            <span
                                                                        className="icon is-small is-left"
                                                            >
                                                                        <FaEnvelope />
                                                            </span>
                                                </div>
                                    </div>
                                    <div
                                                className="field"
                                    >
                                                <label
                                                            className="label"
                                                >
                                                            Password
                                                </label>
                                                <div
                                                            className="control"
                                                >
                                                            <input
                                                                        className="input"
                                                                        onChange={[Function]}
                                                                        placeholder="Password"
                                                                        type="password"
                                                                        value=""
                                                            />
                                                </div>
                                    </div>
                                    <div
                                                className="field"
                                    >
                                                <div
                                                            className="control"
                                                >
                                                            <input
                                                                        className="button is-primary"
                                                                        type="submit"
                                                                        value="Login"
                                                            />
                                                </div>
                                    </div>
                        </form>
            </div>
</div>,
        ],
        "className": "section",
      },
      "ref": null,
      "rendered": Array [
        false,
        Object {
          "instance": null,
          "key": undefined,
          "nodeType": "host",
          "props": Object {
            "children": <div
              className="column is-half is-offset-one-quarter"
>
              <form
                            onSubmit={[Function]}
              >
                            <div
                                          className="field"
                            >
                                          <label
                                                        className="label"
                                          >
                                                        Email
                                          </label>
                                          <div
                                                        className="control has-icons-left"
                                          >
                                                        <input
                                                                      className="input"
                                                                      onChange={[Function]}
                                                                      placeholder="Email"
                                                                      type="email"
                                                                      value=""
                                                        />
                                                        <span
                                                                      className="icon is-small is-left"
                                                        >
                                                                      <FaEnvelope />
                                                        </span>
                                          </div>
                            </div>
                            <div
                                          className="field"
                            >
                                          <label
                                                        className="label"
                                          >
                                                        Password
                                          </label>
                                          <div
                                                        className="control"
                                          >
                                                        <input
                                                                      className="input"
                                                                      onChange={[Function]}
                                                                      placeholder="Password"
                                                                      type="password"
                                                                      value=""
                                                        />
                                          </div>
                            </div>
                            <div
                                          className="field"
                            >
                                          <div
                                                        className="control"
                                          >
                                                        <input
                                                                      className="button is-primary"
                                                                      type="submit"
                                                                      value="Login"
                                                        />
                                          </div>
                            </div>
              </form>
</div>,
            "className": "columns is-mobile",
          },
          "ref": null,
          "rendered": Object {
            "instance": null,
            "key": undefined,
            "nodeType": "host",
            "props": Object {
              "children": <form
                onSubmit={[Function]}
>
                <div
                                className="field"
                >
                                <label
                                                className="label"
                                >
                                                Email
                                </label>
                                <div
                                                className="control has-icons-left"
                                >
                                                <input
                                                                className="input"
                                                                onChange={[Function]}
                                                                placeholder="Email"
                                                                type="email"
                                                                value=""
                                                />
                                                <span
                                                                className="icon is-small is-left"
                                                >
                                                                <FaEnvelope />
                                                </span>
                                </div>
                </div>
                <div
                                className="field"
                >
                                <label
                                                className="label"
                                >
                                                Password
                                </label>
                                <div
                                                className="control"
                                >
                                                <input
                                                                className="input"
                                                                onChange={[Function]}
                                                                placeholder="Password"
                                                                type="password"
                                                                value=""
                                                />
                                </div>
                </div>
                <div
                                className="field"
                >
                                <div
                                                className="control"
                                >
                                                <input
                                                                className="button is-primary"
                                                                type="submit"
                                                                value="Login"
                                                />
                                </div>
                </div>
</form>,
              "className": "column is-half is-offset-one-quarter",
            },
            "ref": null,
            "rendered": Object {
              "instance": null,
              "key": undefined,
              "nodeType": "host",
              "props": Object {
                "children": Array [
                  <div
                    className="field"
>
                    <label
                                        className="label"
                    >
                                        Email
                    </label>
                    <div
                                        className="control has-icons-left"
                    >
                                        <input
                                                            className="input"
                                                            onChange={[Function]}
                                                            placeholder="Email"
                                                            type="email"
                                                            value=""
                                        />
                                        <span
                                                            className="icon is-small is-left"
                                        >
                                                            <FaEnvelope />
                                        </span>
                    </div>
</div>,
                  <div
                    className="field"
>
                    <label
                                        className="label"
                    >
                                        Password
                    </label>
                    <div
                                        className="control"
                    >
                                        <input
                                                            className="input"
                                                            onChange={[Function]}
                                                            placeholder="Password"
                                                            type="password"
                                                            value=""
                                        />
                    </div>
</div>,
                  <div
                    className="field"
>
                    <div
                                        className="control"
                    >
                                        <input
                                                            className="button is-primary"
                                                            type="submit"
                                                            value="Login"
                                        />
                    </div>
</div>,
                ],
                "onSubmit": [Function],
              },
              "ref": null,
              "rendered": Array [
                Object {
                  "instance": null,
                  "key": undefined,
                  "nodeType": "host",
                  "props": Object {
                    "children": Array [
                      <label
                        className="label"
>
                        Email
</label>,
                      <div
                        className="control has-icons-left"
>
                        <input
                                                className="input"
                                                onChange={[Function]}
                                                placeholder="Email"
                                                type="email"
                                                value=""
                        />
                        <span
                                                className="icon is-small is-left"
                        >
                                                <FaEnvelope />
                        </span>
</div>,
                    ],
                    "className": "field",
                  },
                  "ref": null,
                  "rendered": Array [
                    Object {
                      "instance": null,
                      "key": undefined,
                      "nodeType": "host",
                      "props": Object {
                        "children": "Email",
                        "className": "label",
                      },
                      "ref": null,
                      "rendered": "Email",
                      "type": "label",
                    },
                    Object {
                      "instance": null,
                      "key": undefined,
                      "nodeType": "host",
                      "props": Object {
                        "children": Array [
                          <input
                            className="input"
                            onChange={[Function]}
                            placeholder="Email"
                            type="email"
                            value=""
/>,
                          <span
                            className="icon is-small is-left"
>
                            <FaEnvelope />
</span>,
                          false,
                        ],
                        "className": "control has-icons-left",
                      },
                      "ref": null,
                      "rendered": Array [
                        Object {
                          "instance": null,
                          "key": undefined,
                          "nodeType": "host",
                          "props": Object {
                            "className": "input",
                            "onChange": [Function],
                            "placeholder": "Email",
                            "type": "email",
                            "value": "",
                          },
                          "ref": null,
                          "rendered": null,
                          "type": "input",
                        },
                        Object {
                          "instance": null,
                          "key": undefined,
                          "nodeType": "host",
                          "props": Object {
                            "children": <FaEnvelope />,
                            "className": "icon is-small is-left",
                          },
                          "ref": null,
                          "rendered": Object {
                            "instance": null,
                            "key": undefined,
                            "nodeType": "function",
                            "props": Object {},
                            "ref": null,
                            "rendered": null,
                            "type": [Function],
                          },
                          "type": "span",
                        },
                        false,
                      ],
                      "type": "div",
                    },
                  ],
                  "type": "div",
                },
                Object {
                  "instance": null,
                  "key": undefined,
                  "nodeType": "host",
                  "props": Object {
                    "children": Array [
                      <label
                        className="label"
>
                        Password
</label>,
                      <div
                        className="control"
>
                        <input
                                                className="input"
                                                onChange={[Function]}
                                                placeholder="Password"
                                                type="password"
                                                value=""
                        />
</div>,
                    ],
                    "className": "field",
                  },
                  "ref": null,
                  "rendered": Array [
                    Object {
                      "instance": null,
                      "key": undefined,
                      "nodeType": "host",
                      "props": Object {
                        "children": "Password",
                        "className": "label",
                      },
                      "ref": null,
                      "rendered": "Password",
                      "type": "label",
                    },
                    Object {
                      "instance": null,
                      "key": undefined,
                      "nodeType": "host",
                      "props": Object {
                        "children": Array [
                          <input
                            className="input"
                            onChange={[Function]}
                            placeholder="Password"
                            type="password"
                            value=""
/>,
                          false,
                        ],
                        "className": "control",
                      },
                      "ref": null,
                      "rendered": Array [
                        Object {
                          "instance": null,
                          "key": undefined,
                          "nodeType": "host",
                          "props": Object {
                            "className": "input",
                            "onChange": [Function],
                            "placeholder": "Password",
                            "type": "password",
                            "value": "",
                          },
                          "ref": null,
                          "rendered": null,
                          "type": "input",
                        },
                        false,
                      ],
                      "type": "div",
                    },
                  ],
                  "type": "div",
                },
                Object {
                  "instance": null,
                  "key": undefined,
                  "nodeType": "host",
                  "props": Object {
                    "children": <div
                      className="control"
>
                      <input
                                            className="button is-primary"
                                            type="submit"
                                            value="Login"
                      />
</div>,
                    "className": "field",
                  },
                  "ref": null,
                  "rendered": Object {
                    "instance": null,
                    "key": undefined,
                    "nodeType": "host",
                    "props": Object {
                      "children": <input
                        className="button is-primary"
                        type="submit"
                        value="Login"
/>,
                      "className": "control",
                    },
                    "ref": null,
                    "rendered": Object {
                      "instance": null,
                      "key": undefined,
                      "nodeType": "host",
                      "props": Object {
                        "className": "button is-primary",
                        "type": "submit",
                        "value": "Login",
                      },
                      "ref": null,
                      "rendered": null,
                      "type": "input",
                    },
                    "type": "div",
                  },
                  "type": "div",
                },
              ],
              "type": "form",
            },
            "type": "div",
          },
          "type": "div",
        },
      ],
      "type": "section",
    },
  ],
  Symbol(enzyme.__options__): Object {
    "adapter": ReactSixteenAdapter {
      "options": Object {
        "enableComponentDidUpdateOnSetState": true,
      },
    },
    "disableLifecycleMethods": true,
  },
}
`;
